apiVersion: rbac.authorization.k8s.io/v1
kind: ClusterRole
metadata:
  labels:
    rbac.authorization.k8s.io/aggregate-to-cluster-reader: 'true'
    rbac.authorization.k8s.io/aggregate-to-view: 'true'
  name: networking-gatewayapi-aggregated-view
rules:
  - apiGroups:
      - gateway.networking.k8s.io
    resources:
      - gatewayclasses
    verbs:
      - get
      - list
      - watch
  - apiGroups:
      - gateway.networking.k8s.io
    resources:
      - backendtlspolicies
      - gateways
      - grpcroutes
      - httproutes
      - referencegrants
      - tcproutes
      - tlsroutes
      - udproutes
    verbs:
      - get
      - list
      - watch
---
apiVersion: rbac.authorization.k8s.io/v1
kind: ClusterRole
metadata:
  labels:
    rbac.authorization.k8s.io/aggregate-to-edit: 'true'
  name: networking-gatewayapi-aggregated-edit
rules:
  - apiGroups:
      - gateway.networking.k8s.io
    resources:
      - gatewayclasses
    verbs:
      - get
      - list
      - watch
  - apiGroups:
      - gateway.networking.k8s.io
    resources:
      - backendtlspolicies
      - gateways
      - grpcroutes
      - httproutes
      - referencegrants
      - tcproutes
      - tlsroutes
      - udproutes
    verbs:
      - '*'
---
apiVersion: rbac.authorization.k8s.io/v1
kind: ClusterRole
metadata:
  labels:
    rbac.authorization.k8s.io/aggregate-to-admin: 'true'
  name: networking-gatewayapi-aggregated-admin
rules:
  - apiGroups:
      - gateway.networking.k8s.io
    resources:
      - gatewayclasses
    verbs:
      - get
      - list
      - watch
  - apiGroups:
      - gateway.networking.k8s.io
    resources:
      - backendtlspolicies
      - gateways
      - grpcroutes
      - httproutes
      - referencegrants
      - tcproutes
      - tlsroutes
      - udproutes
    verbs:
      - '*'
