apiVersion: v1
kind: Namespace
metadata:
  annotations:
    openshift.io/node-selector: ''
  labels:
    name: syn-airlock-microgateway
    openshift.io/cluster-monitoring: 'true'
  name: syn-airlock-microgateway
