apiVersion: gateway.networking.k8s.io/v1
kind: GatewayClass
metadata:
  name: test
spec:
  controllerName: microgateway.airlock.com/gatewayclass-controller
  parametersRef:
    group: microgateway.airlock.com
    kind: GatewayParameters
    name: gatewayparameter-mgw-poc
    namespace: airlock-gateway
