apiVersion: v1
data:
  microgateway-license.txt: dGVzdA==
kind: Secret
metadata:
  namespace: syn-airlock-microgateway
type: Opaque
