apiVersion: v1
data:
  microgateway-license.txt: ''
kind: Secret
metadata:
  annotations: {}
  labels:
    name: airlock-microgateway-license
  name: airlock-microgateway-license
  namespace: syn-airlock-microgateway
type: Opaque
