apiVersion: gateway.networking.k8s.io/v1
kind: GatewayClass
metadata:
  labels:
    app.kubernetes.io/component: controller
    app.kubernetes.io/instance: airlock-microgateway
    app.kubernetes.io/managed-by: Helm
    app.kubernetes.io/name: microgateway-operator
    app.kubernetes.io/part-of: microgateway
    app.kubernetes.io/version: 4.7.2
    helm.sh/chart: microgateway-4.7.2
  name: airlock-microgateway
spec:
  controllerName: microgateway.airlock.com/gatewayclass-controller
  description: GatewayClass for Airlock Microgateway.
