apiVersion: rbac.authorization.k8s.io/v1
kind: Role
metadata:
  labels:
    app.kubernetes.io/component: controller
    app.kubernetes.io/instance: airlock-microgateway
    app.kubernetes.io/managed-by: Helm
    app.kubernetes.io/name: microgateway-operator
    app.kubernetes.io/part-of: microgateway
    app.kubernetes.io/version: 4.7.2
    helm.sh/chart: microgateway-4.7.2
  name: airlock-microgateway-operator-leader-election
  namespace: syn-airlock-microgateway
rules:
  - apiGroups:
      - ''
    resources:
      - configmaps
    verbs:
      - get
      - list
      - watch
      - create
      - update
      - patch
      - delete
  - apiGroups:
      - coordination.k8s.io
    resources:
      - leases
    verbs:
      - get
      - list
      - watch
      - create
      - update
      - patch
      - delete
  - apiGroups:
      - ''
    resources:
      - events
    verbs:
      - create
      - patch
