apiVersion: monitoring.coreos.com/v1
kind: ServiceMonitor
metadata:
  labels:
    app.kubernetes.io/component: controller
    app.kubernetes.io/instance: airlock-microgateway
    app.kubernetes.io/managed-by: Helm
    app.kubernetes.io/name: microgateway-operator
    app.kubernetes.io/part-of: microgateway
    app.kubernetes.io/version: 4.7.3
    helm.sh/chart: microgateway-4.7.3
    release: kube-prometheus-stack
  name: airlock-microgateway-operator
  namespace: syn-airlock-microgateway
spec:
  endpoints:
    - metricRelabelings:
        - action: drop
          regex: ^(microgateway_license|microgateway_sidecars).*$
          sourceLabels:
            - __name__
      path: /metrics
      port: metrics
      scheme: http
  selector:
    matchExpressions:
      - key: operator.microgateway.airlock.com/isLeader
        operator: DoesNotExist
    matchLabels:
      app.kubernetes.io/component: controller
      app.kubernetes.io/instance: airlock-microgateway
      app.kubernetes.io/name: microgateway-operator
---
apiVersion: monitoring.coreos.com/v1
kind: ServiceMonitor
metadata:
  labels:
    app.kubernetes.io/component: controller
    app.kubernetes.io/instance: airlock-microgateway
    app.kubernetes.io/managed-by: Helm
    app.kubernetes.io/name: microgateway-operator
    app.kubernetes.io/part-of: microgateway
    app.kubernetes.io/version: 4.7.3
    helm.sh/chart: microgateway-4.7.3
    release: kube-prometheus-stack
  name: airlock-microgateway-operator-leader
  namespace: syn-airlock-microgateway
spec:
  endpoints:
    - metricRelabelings:
        - action: keep
          regex: ^(microgateway_license|microgateway_sidecars).*$
          sourceLabels:
            - __name__
      path: /metrics
      port: metrics
      scheme: http
  selector:
    matchLabels:
      app.kubernetes.io/component: controller
      app.kubernetes.io/instance: airlock-microgateway
      app.kubernetes.io/name: microgateway-operator
      operator.microgateway.airlock.com/isLeader: 'true'
