apiVersion: v1
kind: Service
metadata:
  labels:
    app.kubernetes.io/component: controller
    app.kubernetes.io/instance: airlock-microgateway
    app.kubernetes.io/managed-by: Helm
    app.kubernetes.io/name: microgateway-operator
    app.kubernetes.io/part-of: microgateway
    app.kubernetes.io/version: 4.7.3
    helm.sh/chart: microgateway-4.7.3
  name: airlock-microgateway-operator-webhook
  namespace: syn-airlock-microgateway
spec:
  ports:
    - appProtocol: https
      name: webhook
      port: 443
      protocol: TCP
      targetPort: 9443
  selector:
    app.kubernetes.io/component: controller
    app.kubernetes.io/instance: airlock-microgateway
    app.kubernetes.io/name: microgateway-operator
