apiVersion: operators.coreos.com/v1alpha1
kind: Subscription
metadata:
  annotations:
    argocd.argoproj.io/sync-wave: '-80'
  labels:
    name: airlock-microgateway
  name: airlock-microgateway
  namespace: syn-airlock-microgateway
spec:
  channel: release-4.5.2
  config:
    env:
      - name: GATEWAY_API_POD_MONITOR_CREATE
        value: 'true'
  installPlanApproval: Automatic
  name: airlock-microgateway
  source: certified-operators
  sourceNamespace: openshift-operators-redhat
