apiVersion: operators.coreos.com/v1
kind: OperatorGroup
metadata:
  annotations:
    argocd.argoproj.io/sync-wave: '-90'
  labels:
    name: airlock-microgateway
  name: airlock-microgateway
  namespace: syn-airlock-microgateway
