apiVersion: cert-manager.io/v1
kind: Issuer
metadata:
  labels:
    app.kubernetes.io/component: controller
    app.kubernetes.io/instance: airlock-microgateway
    app.kubernetes.io/managed-by: Helm
    app.kubernetes.io/name: microgateway-operator
    app.kubernetes.io/part-of: microgateway
    app.kubernetes.io/version: 4.5.7
    helm.sh/chart: microgateway-4.5.7
  name: airlock-microgateway-operator-selfsigned-issuer
  namespace: syn-airlock-microgateway
spec:
  selfSigned: {}
