apiVersion: apps/v1
kind: Deployment
metadata:
  labels:
    app.kubernetes.io/component: controller
    app.kubernetes.io/instance: airlock-microgateway
    app.kubernetes.io/managed-by: Helm
    app.kubernetes.io/name: microgateway-operator
    app.kubernetes.io/part-of: microgateway
    app.kubernetes.io/version: 4.7.2
    helm.sh/chart: microgateway-4.7.2
  name: airlock-microgateway-operator
  namespace: syn-airlock-microgateway
spec:
  replicas: 2
  selector:
    matchLabels:
      app.kubernetes.io/component: controller
      app.kubernetes.io/instance: airlock-microgateway
      app.kubernetes.io/name: microgateway-operator
  strategy:
    type: RollingUpdate
  template:
    metadata:
      annotations:
        checksum/config: 87b4cec911ed6f38d2a0b0aace18484bcfda5f20e9f54d76cf360a69737c7e83
        kubectl.kubernetes.io/default-container: manager
      labels:
        app.kubernetes.io/component: controller
        app.kubernetes.io/instance: airlock-microgateway
        app.kubernetes.io/managed-by: Helm
        app.kubernetes.io/name: microgateway-operator
        app.kubernetes.io/part-of: microgateway
        app.kubernetes.io/version: 4.7.2
        helm.sh/chart: microgateway-4.7.2
    spec:
      containers:
        - args:
            - --config=/app/config/operator_config.yaml
          env:
            - name: ENGINE_IMAGE
              value: quay.io/airlock/microgateway-engine@sha256:e9256e37c6ffb246d756ab0ed3851ea883fc299deb62432bd757d13c4eddc3c9
            - name: SESSION_AGENT_IMAGE
              value: quay.io/airlock/microgateway-session-agent@sha256:9674487f070bf5a607cbd8d533f10d929bd64272ef5c98f99a99aa3d6eaf6431
            - name: OPERATOR_NAME
              valueFrom:
                fieldRef:
                  fieldPath: metadata.name
            - name: OPERATOR_NAMESPACE
              valueFrom:
                fieldRef:
                  fieldPath: metadata.namespace
            - name: LOG_LEVEL
              value: info
            - name: SIDECAR_GATEWAY_ENABLED
              value: 'true'
            - name: SIDECAR_GATEWAY_POD_MONITOR_CREATE
              value: 'false'
            - name: GATEWAY_API_ENABLED
              value: 'true'
            - name: GATEWAY_API_CONTROLLER_NAME
              value: microgateway.airlock.com/gatewayclass-controller
            - name: GATEWAY_API_POD_MONITOR_CREATE
              value: 'true'
            - name: GATEWAY_API_POD_MONITOR_ADDITIONAL_LABELS
              value: release=kube-prometheus-stack
          image: quay.io/airlock/microgateway-operator@sha256:4585c9ff760d0b05efd2507b1dab45b3ca6c44fd25d11061b6d42bdf3508b69d
          imagePullPolicy: IfNotPresent
          livenessProbe:
            httpGet:
              path: /healthz
              port: 8081
            initialDelaySeconds: 15
            periodSeconds: 20
            timeoutSeconds: 5
          name: manager
          ports:
            - containerPort: 9443
              name: webhook-server
              protocol: TCP
            - containerPort: 13377
              name: xds-server
              protocol: TCP
            - containerPort: 8080
              protocol: TCP
            - containerPort: 8081
              protocol: TCP
          readinessProbe:
            httpGet:
              path: /readyz
              port: 8081
            initialDelaySeconds: 5
            periodSeconds: 10
            timeoutSeconds: 5
          resources:
            limits:
              cpu: 2500m
              memory: 512Mi
            requests:
              cpu: 250m
              memory: 512Mi
          securityContext:
            allowPrivilegeEscalation: false
            capabilities:
              drop:
                - ALL
            privileged: false
            readOnlyRootFilesystem: true
            runAsNonRoot: true
            seccompProfile:
              type: RuntimeDefault
          terminationMessagePath: /dev/termination-log
          terminationMessagePolicy: FallbackToLogsOnError
          volumeMounts:
            - mountPath: /tmp/k8s-webhook-server/serving-certs
              name: cert
              readOnly: true
            - mountPath: /app/config/license/
              name: airlock-microgateway-license
              readOnly: true
            - mountPath: /app/config/operator_config.yaml
              name: operator-config
              subPath: operator_config.yaml
            - mountPath: /app/config/sidecar/engine_container_template.yaml
              name: operator-config
              subPath: engine_container_template.yaml
            - mountPath: /app/config/sidecar/network_validator_container_template.yaml
              name: operator-config
              subPath: network_validator_container_template.yaml
            - mountPath: /app/config/sidecar/session_agent_container_template.yaml
              name: operator-config
              subPath: session_agent_container_template.yaml
            - mountPath: /app/config/engine_bootstrap_config_template.yaml
              name: operator-config
              subPath: engine_bootstrap_config_template.yaml
      securityContext:
        runAsNonRoot: true
      serviceAccountName: airlock-microgateway-operator
      terminationGracePeriodSeconds: 10
      volumes:
        - name: cert
          secret:
            defaultMode: 420
            secretName: airlock-microgateway-operator-webhook-server-cert
        - name: airlock-microgateway-license
          secret:
            defaultMode: 292
            optional: true
            secretName: airlock-microgateway-license
        - configMap:
            name: airlock-microgateway-operator-config
          name: operator-config
