apiVersion: v1
kind: Service
metadata:
  labels:
    app.kubernetes.io/component: controller
    app.kubernetes.io/instance: airlock-microgateway
    app.kubernetes.io/managed-by: Helm
    app.kubernetes.io/name: microgateway-operator
    app.kubernetes.io/part-of: microgateway
    app.kubernetes.io/version: 4.7.3
    helm.sh/chart: microgateway-4.7.3
  name: airlock-microgateway-operator-metrics
  namespace: syn-airlock-microgateway
spec:
  ports:
    - appProtocol: http
      name: metrics
      port: 8080
      protocol: TCP
  selector:
    app.kubernetes.io/component: controller
    app.kubernetes.io/instance: airlock-microgateway
    app.kubernetes.io/name: microgateway-operator
---
apiVersion: v1
kind: Service
metadata:
  labels:
    app.kubernetes.io/component: controller
    app.kubernetes.io/instance: airlock-microgateway
    app.kubernetes.io/managed-by: Helm
    app.kubernetes.io/name: microgateway-operator
    app.kubernetes.io/part-of: microgateway
    app.kubernetes.io/version: 4.7.3
    helm.sh/chart: microgateway-4.7.3
    operator.microgateway.airlock.com/isLeader: 'true'
  name: airlock-microgateway-operator-leader-metrics
  namespace: syn-airlock-microgateway
spec:
  ports:
    - appProtocol: http
      name: metrics
      port: 8080
      protocol: TCP
  selector:
    app.kubernetes.io/component: controller
    app.kubernetes.io/instance: airlock-microgateway
    app.kubernetes.io/name: microgateway-operator
    operator.microgateway.airlock.com/isLeader: 'true'
