apiVersion: v1
data:
  microgateway-license.txt: ''
kind: Secret
metadata:
  namespace: syn-airlock-microgateway
type: Opaque
