apiVersion: v1
data: {}
kind: Secret
metadata:
  annotations: {}
  labels:
    name: airlock-microgateway-license
  name: airlock-microgateway-license
  namespace: syn-airlock-microgateway
stringData:
  microgateway-license.txt: ''
type: Opaque
