apiVersion: rbac.authorization.k8s.io/v1
kind: ClusterRole
metadata:
  labels:
    rbac.authorization.k8s.io/aggregate-to-cluster-reader: 'true'
    rbac.authorization.k8s.io/aggregate-to-view: 'true'
  name: airlock-microgateway-aggregated-view
rules:
  - apiGroups:
      - microgateway.airlock.com
    resources:
      - '*'
    verbs:
      - get
      - list
      - watch
---
apiVersion: rbac.authorization.k8s.io/v1
kind: ClusterRole
metadata:
  labels:
    rbac.authorization.k8s.io/aggregate-to-edit: 'true'
  name: airlock-microgateway-aggregated-edit
rules:
  - apiGroups:
      - microgateway.airlock.com
    resources:
      - '*'
    verbs:
      - '*'
---
apiVersion: rbac.authorization.k8s.io/v1
kind: ClusterRole
metadata:
  labels:
    rbac.authorization.k8s.io/aggregate-to-admin: 'true'
  name: airlock-microgateway-aggregated-admin
rules:
  - apiGroups:
      - microgateway.airlock.com
    resources:
      - '*'
    verbs:
      - '*'
